Release 14.7 - ngc2edif P_INT.20191124 (lin64)
Copyright (c) 1995-2013 Xilinx, Inc.  All rights reserved.
Reading design timeGenerator.ngc ...
WARNING:NetListWriters:298 - No output is written to timeGenerator.xncf,
   ignored.
Processing design ...
   Preping design's networks ...
   Preping design's macros ...
  finished :Prep
Writing EDIF netlist file timeGenerator.edif ...
ngc2edif: Total memory usage is 92364 kilobytes

Release 14.7 - ngc2edif P_INT.20191124 (lin64)
Copyright (c) 1995-2013 Xilinx, Inc.  All rights reserved.
Reading design chronometer.ngc ...
WARNING:NetListWriters:298 - No output is written to chronometer.xncf, ignored.
Processing design ...
   Preping design's networks ...
   Preping design's macros ...
  finished :Prep
Writing EDIF netlist file chronometer.edif ...
ngc2edif: Total memory usage is 91680 kilobytes

Release 14.7 - ngc2edif P_INT.20191124 (lin64)
Copyright (c) 1995-2013 Xilinx, Inc.  All rights reserved.
Reading design score.ngc ...
WARNING:NetListWriters:298 - No output is written to score.xncf, ignored.
Processing design ...
   Preping design's networks ...
   Preping design's macros ...
  finished :Prep
Writing EDIF netlist file score.edif ...
ngc2edif: Total memory usage is 91676 kilobytes

