
*** Running vivado
    with args -log chronoscore.vds -m64 -product Vivado -mode batch -messageDb vivado.pb -notrace -source chronoscore.tcl


****** Vivado v2024.2 (64-bit)
  **** SW Build 5239630 on Fri Nov 08 22:34:34 MST 2024
  **** IP Build 5239520 on Sun Nov 10 16:12:51 MST 2024
  **** SharedData Build 5239561 on Fri Nov 08 14:39:27 MST 2024
  **** Start of session at: Tue Apr  8 12:54:21 2025
    ** Copyright 1986-2022 Xilinx, Inc. All Rights Reserved.
    ** Copyright 2022-2024 Advanced Micro Devices, Inc. All Rights Reserved.

source chronoscore.tcl -notrace
WARNING: [filemgmt 56-609] '/home/dlanyar/Documents/POLYTECH/SoPC/SOPC/SOPC.srcs/sources_1/imports/Display/score.ngc' file is used.
'.ngc'/'.ngo' file format will not be supported in later releases, please use '.edf' instead.
WARNING: [filemgmt 56-609] '/home/dlanyar/Documents/POLYTECH/SoPC/SOPC/SOPC.srcs/sources_1/imports/Display/chronometer.ngc' file is used.
'.ngc'/'.ngo' file format will not be supported in later releases, please use '.edf' instead.
WARNING: [filemgmt 56-609] '/home/dlanyar/Documents/POLYTECH/SoPC/SOPC/SOPC.srcs/sources_1/imports/Display/timeGenerator.ngc' file is used.
'.ngc'/'.ngo' file format will not be supported in later releases, please use '.edf' instead.
Command: read_checkpoint -auto_incremental -incremental /home/dlanyar/Documents/POLYTECH/SoPC/SOPC/SOPC.srcs/utils_1/imports/synth_1/DISPLAY.dcp
INFO: [Vivado 12-5825] Read reference checkpoint from /home/dlanyar/Documents/POLYTECH/SoPC/SOPC/SOPC.srcs/utils_1/imports/synth_1/DISPLAY.dcp for incremental synthesis
INFO: [Vivado 12-7989] Please ensure there are no constraint changes
Command: synth_design -top chronoscore -part xc7a35tcpg236-1 -flatten_hierarchy none
Starting synth_design
Attempting to get a license for feature 'Synthesis' and/or device 'xc7a35t'
INFO: [Common 17-349] Got license for feature 'Synthesis' and/or device 'xc7a35t'
INFO: [Device 21-403] Loading part xc7a35tcpg236-1
INFO: [Designutils 20-5440] No compile time benefit to using incremental synthesis; A full resynthesis will be run
INFO: [Designutils 20-4379] Flow is switching to default flow due to incremental criteria not met. If you would like to alter this behaviour and have the flow terminate instead, please set the following parameter config_implementation {autoIncr.Synth.RejectBehavior Terminate}
INFO: [Synth 8-7079] Multithreading enabled for synth_design using a maximum of 7 processes.
INFO: [Synth 8-7078] Launching helper process for spawning children vivado processes
INFO: [Synth 8-7075] Helper process launched with PID 33784
---------------------------------------------------------------------------------
Starting RTL Elaboration : Time (s): cpu = 00:00:06 ; elapsed = 00:00:06 . Memory (MB): peak = 1893.254 ; gain = 422.766 ; free physical = 1731 ; free virtual = 12742
---------------------------------------------------------------------------------
WARNING: [Synth 8-9112] actual for formal port 'reset' is neither a static name nor a globally static expression [/home/dlanyar/Documents/POLYTECH/SoPC/SOPC/SOPC.srcs/sources_1/imports/Display/chronoscore.vhd:139]
WARNING: [Synth 8-9112] actual for formal port 'bpl' is neither a static name nor a globally static expression [/home/dlanyar/Documents/POLYTECH/SoPC/SOPC/SOPC.srcs/sources_1/imports/Display/chronoscore.vhd:149]
WARNING: [Synth 8-9112] actual for formal port 'bpv' is neither a static name nor a globally static expression [/home/dlanyar/Documents/POLYTECH/SoPC/SOPC/SOPC.srcs/sources_1/imports/Display/chronoscore.vhd:150]
INFO: [Synth 8-638] synthesizing module 'chronoscore' [/home/dlanyar/Documents/POLYTECH/SoPC/SOPC/SOPC.srcs/sources_1/imports/Display/chronoscore.vhd:44]
INFO: [Synth 8-637] synthesizing blackbox instance 'U0' of component 'timeGenerator' [/home/dlanyar/Documents/POLYTECH/SoPC/SOPC/SOPC.srcs/sources_1/imports/Display/chronoscore.vhd:126]
INFO: [Synth 8-637] synthesizing blackbox instance 'U1' of component 'chronometer' [/home/dlanyar/Documents/POLYTECH/SoPC/SOPC/SOPC.srcs/sources_1/imports/Display/chronoscore.vhd:134]
INFO: [Synth 8-637] synthesizing blackbox instance 'U2' of component 'score' [/home/dlanyar/Documents/POLYTECH/SoPC/SOPC/SOPC.srcs/sources_1/imports/Display/chronoscore.vhd:146]
INFO: [Synth 8-3491] module 'DISPLAY' declared at '/home/dlanyar/Documents/POLYTECH/SoPC/SOPC/SOPC.srcs/sources_1/imports/Display/display.vhd:5' bound to instance 'U4' of component 'display' [/home/dlanyar/Documents/POLYTECH/SoPC/SOPC/SOPC.srcs/sources_1/imports/Display/chronoscore.vhd:158]
INFO: [Synth 8-638] synthesizing module 'DISPLAY' [/home/dlanyar/Documents/POLYTECH/SoPC/SOPC/SOPC.srcs/sources_1/imports/Display/display.vhd:25]
INFO: [Synth 8-3491] module 'counter_3b_E' declared at '/home/dlanyar/Documents/POLYTECH/SoPC/SOPC/SOPC.srcs/sources_1/imports/Display/counter_3b_E.vhd:7' bound to instance 'U0' of component 'counter_3b_E' [/home/dlanyar/Documents/POLYTECH/SoPC/SOPC/SOPC.srcs/sources_1/imports/Display/display.vhd:120]
INFO: [Synth 8-638] synthesizing module 'counter_3b_E' [/home/dlanyar/Documents/POLYTECH/SoPC/SOPC/SOPC.srcs/sources_1/imports/Display/counter_3b_E.vhd:13]
INFO: [Synth 8-256] done synthesizing module 'counter_3b_E' (0#1) [/home/dlanyar/Documents/POLYTECH/SoPC/SOPC/SOPC.srcs/sources_1/imports/Display/counter_3b_E.vhd:13]
INFO: [Synth 8-3491] module 'transcoder_3v8' declared at '/home/dlanyar/Documents/POLYTECH/SoPC/SOPC/SOPC.srcs/sources_1/imports/Display/transcoder_3v8.vhd:5' bound to instance 'U1' of component 'transcoder_3v8' [/home/dlanyar/Documents/POLYTECH/SoPC/SOPC/SOPC.srcs/sources_1/imports/Display/display.vhd:127]
INFO: [Synth 8-638] synthesizing module 'transcoder_3v8' [/home/dlanyar/Documents/POLYTECH/SoPC/SOPC/SOPC.srcs/sources_1/imports/Display/transcoder_3v8.vhd:10]
INFO: [Synth 8-256] done synthesizing module 'transcoder_3v8' (0#1) [/home/dlanyar/Documents/POLYTECH/SoPC/SOPC/SOPC.srcs/sources_1/imports/Display/transcoder_3v8.vhd:10]
INFO: [Synth 8-3491] module 'register_8b1' declared at '/home/dlanyar/Documents/POLYTECH/SoPC/SOPC/SOPC.srcs/sources_1/imports/Display/register_8b1.vhd:5' bound to instance 'U2' of component 'register_8b1' [/home/dlanyar/Documents/POLYTECH/SoPC/SOPC/SOPC.srcs/sources_1/imports/Display/display.vhd:133]
INFO: [Synth 8-638] synthesizing module 'register_8b1' [/home/dlanyar/Documents/POLYTECH/SoPC/SOPC/SOPC.srcs/sources_1/imports/Display/register_8b1.vhd:11]
INFO: [Synth 8-256] done synthesizing module 'register_8b1' (0#1) [/home/dlanyar/Documents/POLYTECH/SoPC/SOPC/SOPC.srcs/sources_1/imports/Display/register_8b1.vhd:11]
INFO: [Synth 8-3491] module 'Tregister_1b' declared at '/home/dlanyar/Documents/POLYTECH/SoPC/SOPC/SOPC.srcs/sources_1/imports/Display/Tregister_1b.vhd:5' bound to instance 'U3' of component 'Tregister_1b' [/home/dlanyar/Documents/POLYTECH/SoPC/SOPC/SOPC.srcs/sources_1/imports/Display/display.vhd:140]
INFO: [Synth 8-638] synthesizing module 'Tregister_1b' [/home/dlanyar/Documents/POLYTECH/SoPC/SOPC/SOPC.srcs/sources_1/imports/Display/Tregister_1b.vhd:11]
INFO: [Synth 8-256] done synthesizing module 'Tregister_1b' (0#1) [/home/dlanyar/Documents/POLYTECH/SoPC/SOPC/SOPC.srcs/sources_1/imports/Display/Tregister_1b.vhd:11]
INFO: [Synth 8-3491] module 'mux_8x1x1b' declared at '/home/dlanyar/Documents/POLYTECH/SoPC/SOPC/SOPC.srcs/sources_1/imports/Display/mux_8x1x1b.vhd:5' bound to instance 'U4' of component 'mux_8x1x1b' [/home/dlanyar/Documents/POLYTECH/SoPC/SOPC/SOPC.srcs/sources_1/imports/Display/display.vhd:147]
INFO: [Synth 8-638] synthesizing module 'mux_8x1x1b' [/home/dlanyar/Documents/POLYTECH/SoPC/SOPC/SOPC.srcs/sources_1/imports/Display/mux_8x1x1b.vhd:11]
INFO: [Synth 8-256] done synthesizing module 'mux_8x1x1b' (0#1) [/home/dlanyar/Documents/POLYTECH/SoPC/SOPC/SOPC.srcs/sources_1/imports/Display/mux_8x1x1b.vhd:11]
INFO: [Synth 8-3491] module 'mux_8x1x4b' declared at '/home/dlanyar/Documents/POLYTECH/SoPC/SOPC/SOPC.srcs/sources_1/imports/Display/mux_8x1x4b.vhd:5' bound to instance 'U5' of component 'mux_8x1x4b' [/home/dlanyar/Documents/POLYTECH/SoPC/SOPC/SOPC.srcs/sources_1/imports/Display/display.vhd:161]
INFO: [Synth 8-638] synthesizing module 'mux_8x1x4b' [/home/dlanyar/Documents/POLYTECH/SoPC/SOPC/SOPC.srcs/sources_1/imports/Display/mux_8x1x4b.vhd:11]
INFO: [Synth 8-256] done synthesizing module 'mux_8x1x4b' (0#1) [/home/dlanyar/Documents/POLYTECH/SoPC/SOPC/SOPC.srcs/sources_1/imports/Display/mux_8x1x4b.vhd:11]
INFO: [Synth 8-3491] module 'transcoder_7seg' declared at '/home/dlanyar/Documents/POLYTECH/SoPC/SOPC/SOPC.srcs/sources_1/imports/Display/transcoder_7seg.vhd:5' bound to instance 'U6' of component 'transcoder_7seg' [/home/dlanyar/Documents/POLYTECH/SoPC/SOPC/SOPC.srcs/sources_1/imports/Display/display.vhd:175]
INFO: [Synth 8-638] synthesizing module 'transcoder_7seg' [/home/dlanyar/Documents/POLYTECH/SoPC/SOPC/SOPC.srcs/sources_1/imports/Display/transcoder_7seg.vhd:10]
INFO: [Synth 8-256] done synthesizing module 'transcoder_7seg' (0#1) [/home/dlanyar/Documents/POLYTECH/SoPC/SOPC/SOPC.srcs/sources_1/imports/Display/transcoder_7seg.vhd:10]
INFO: [Synth 8-3491] module 'register_8b2' declared at '/home/dlanyar/Documents/POLYTECH/SoPC/SOPC/SOPC.srcs/sources_1/imports/Display/register_8b2.vhd:5' bound to instance 'U7' of component 'register_8b2' [/home/dlanyar/Documents/POLYTECH/SoPC/SOPC/SOPC.srcs/sources_1/imports/Display/display.vhd:181]
INFO: [Synth 8-638] synthesizing module 'register_8b2' [/home/dlanyar/Documents/POLYTECH/SoPC/SOPC/SOPC.srcs/sources_1/imports/Display/register_8b2.vhd:11]
INFO: [Synth 8-256] done synthesizing module 'register_8b2' (0#1) [/home/dlanyar/Documents/POLYTECH/SoPC/SOPC/SOPC.srcs/sources_1/imports/Display/register_8b2.vhd:11]
INFO: [Synth 8-256] done synthesizing module 'DISPLAY' (0#1) [/home/dlanyar/Documents/POLYTECH/SoPC/SOPC/SOPC.srcs/sources_1/imports/Display/display.vhd:25]
WARNING: [Synth 8-614] signal 'an_s' is read in the process but is not in the sensitivity list [/home/dlanyar/Documents/POLYTECH/SoPC/SOPC/SOPC.srcs/sources_1/imports/Display/chronoscore.vhd:175]
INFO: [Synth 8-256] done synthesizing module 'chronoscore' (0#1) [/home/dlanyar/Documents/POLYTECH/SoPC/SOPC/SOPC.srcs/sources_1/imports/Display/chronoscore.vhd:44]
WARNING: [Synth 8-7129] Port TESTVGA in module chronoscore is either unconnected or has no load
WARNING: [Synth 8-7129] Port VGAONOFF in module chronoscore is either unconnected or has no load
---------------------------------------------------------------------------------
Finished RTL Elaboration : Time (s): cpu = 00:00:08 ; elapsed = 00:00:08 . Memory (MB): peak = 1965.223 ; gain = 494.734 ; free physical = 1650 ; free virtual = 12662
---------------------------------------------------------------------------------
---------------------------------------------------------------------------------
Start Handling Custom Attributes
---------------------------------------------------------------------------------
---------------------------------------------------------------------------------
Finished Handling Custom Attributes : Time (s): cpu = 00:00:08 ; elapsed = 00:00:08 . Memory (MB): peak = 1983.035 ; gain = 512.547 ; free physical = 1638 ; free virtual = 12650
---------------------------------------------------------------------------------
---------------------------------------------------------------------------------
Finished RTL Optimization Phase 1 : Time (s): cpu = 00:00:08 ; elapsed = 00:00:08 . Memory (MB): peak = 1983.035 ; gain = 512.547 ; free physical = 1638 ; free virtual = 12650
---------------------------------------------------------------------------------
Netlist sorting complete. Time (s): cpu = 00:00:00 ; elapsed = 00:00:00 . Memory (MB): peak = 1983.035 ; gain = 0.000 ; free physical = 1638 ; free virtual = 12651
INFO: [Project 1-570] Preparing netlist for logic optimization

Processing XDC Constraints
Initializing timing engine
Parsing XDC File [/home/dlanyar/Documents/POLYTECH/SoPC/SOPC/SOPC.srcs/constrs_1/imports/Display/Basys-3.xdc]
Finished Parsing XDC File [/home/dlanyar/Documents/POLYTECH/SoPC/SOPC/SOPC.srcs/constrs_1/imports/Display/Basys-3.xdc]
INFO: [Project 1-236] Implementation specific constraints were found while reading constraint file [/home/dlanyar/Documents/POLYTECH/SoPC/SOPC/SOPC.srcs/constrs_1/imports/Display/Basys-3.xdc]. These constraints will be ignored for synthesis but will be used in implementation. Impacted constraints are listed in the file [.Xil/chronoscore_propImpl.xdc].
Resolution: To avoid this warning, move constraints listed in [.Xil/chronoscore_propImpl.xdc] to another XDC file and exclude this new file from synthesis with the used_in_synthesis property (File Properties dialog in GUI) and re-run elaboration/synthesis.
Completed Processing XDC Constraints

Netlist sorting complete. Time (s): cpu = 00:00:00 ; elapsed = 00:00:00 . Memory (MB): peak = 2114.777 ; gain = 0.000 ; free physical = 1614 ; free virtual = 12623
INFO: [Project 1-111] Unisim Transformation Summary:
No Unisim elements were transformed.

Constraint Validation Runtime : Time (s): cpu = 00:00:00 ; elapsed = 00:00:00 . Memory (MB): peak = 2114.777 ; gain = 0.000 ; free physical = 1612 ; free virtual = 12621
INFO: [Designutils 20-5440] No compile time benefit to using incremental synthesis; A full resynthesis will be run
INFO: [Designutils 20-4379] Flow is switching to default flow due to incremental criteria not met. If you would like to alter this behaviour and have the flow terminate instead, please set the following parameter config_implementation {autoIncr.Synth.RejectBehavior Terminate}
---------------------------------------------------------------------------------
Finished Constraint Validation : Time (s): cpu = 00:00:16 ; elapsed = 00:00:16 . Memory (MB): peak = 2114.777 ; gain = 644.289 ; free physical = 1713 ; free virtual = 12591
---------------------------------------------------------------------------------
---------------------------------------------------------------------------------
Start Loading Part and Timing Information
---------------------------------------------------------------------------------
Loading part: xc7a35tcpg236-1
---------------------------------------------------------------------------------
Finished Loading Part and Timing Information : Time (s): cpu = 00:00:16 ; elapsed = 00:00:16 . Memory (MB): peak = 2122.781 ; gain = 652.293 ; free physical = 1713 ; free virtual = 12591
---------------------------------------------------------------------------------
---------------------------------------------------------------------------------
Start Applying 'set_property' XDC Constraints
---------------------------------------------------------------------------------
---------------------------------------------------------------------------------
Finished applying 'set_property' XDC Constraints : Time (s): cpu = 00:00:16 ; elapsed = 00:00:16 . Memory (MB): peak = 2122.781 ; gain = 652.293 ; free physical = 1713 ; free virtual = 12591
---------------------------------------------------------------------------------
---------------------------------------------------------------------------------
Finished RTL Optimization Phase 2 : Time (s): cpu = 00:00:16 ; elapsed = 00:00:17 . Memory (MB): peak = 2122.781 ; gain = 652.293 ; free physical = 1711 ; free virtual = 12591
---------------------------------------------------------------------------------
---------------------------------------------------------------------------------
Start RTL Component Statistics 
---------------------------------------------------------------------------------
Detailed RTL Component Info : 
+---Adders : 
	   2 Input    3 Bit       Adders := 1     
+---Registers : 
	                8 Bit    Registers := 2     
	                3 Bit    Registers := 1     
	                1 Bit    Registers := 1     
+---Muxes : 
	   8 Input    8 Bit        Muxes := 1     
	   2 Input    7 Bit        Muxes := 1     
	   8 Input    7 Bit        Muxes := 1     
	   2 Input    5 Bit        Muxes := 2     
	   2 Input    4 Bit        Muxes := 1     
---------------------------------------------------------------------------------
Finished RTL Component Statistics 
---------------------------------------------------------------------------------
---------------------------------------------------------------------------------
Start Part Resource Summary
---------------------------------------------------------------------------------
Part Resources:
DSPs: 90 (col length:60)
BRAMs: 100 (col length: RAMB18 60 RAMB36 30)
---------------------------------------------------------------------------------
Finished Part Resource Summary
---------------------------------------------------------------------------------
---------------------------------------------------------------------------------
Start Cross Boundary and Area Optimization
---------------------------------------------------------------------------------
WARNING: [Synth 8-7080] Parallel synthesis criteria is not met
WARNING: [Synth 8-7129] Port TESTVGA in module chronoscore is either unconnected or has no load
WARNING: [Synth 8-7129] Port VGAONOFF in module chronoscore is either unconnected or has no load
---------------------------------------------------------------------------------
Finished Cross Boundary and Area Optimization : Time (s): cpu = 00:00:18 ; elapsed = 00:00:19 . Memory (MB): peak = 2122.781 ; gain = 652.293 ; free physical = 1625 ; free virtual = 12555
---------------------------------------------------------------------------------
---------------------------------------------------------------------------------
Start Applying XDC Timing Constraints
---------------------------------------------------------------------------------
---------------------------------------------------------------------------------
Finished Applying XDC Timing Constraints : Time (s): cpu = 00:00:24 ; elapsed = 00:00:25 . Memory (MB): peak = 2138.781 ; gain = 668.293 ; free physical = 1564 ; free virtual = 12455
---------------------------------------------------------------------------------
---------------------------------------------------------------------------------
Start Timing Optimization
---------------------------------------------------------------------------------
---------------------------------------------------------------------------------
Finished Timing Optimization : Time (s): cpu = 00:00:24 ; elapsed = 00:00:25 . Memory (MB): peak = 2138.781 ; gain = 668.293 ; free physical = 1564 ; free virtual = 12455
---------------------------------------------------------------------------------
---------------------------------------------------------------------------------
Start Technology Mapping
---------------------------------------------------------------------------------
---------------------------------------------------------------------------------
Finished Technology Mapping : Time (s): cpu = 00:00:24 ; elapsed = 00:00:25 . Memory (MB): peak = 2148.797 ; gain = 678.309 ; free physical = 1560 ; free virtual = 12453
---------------------------------------------------------------------------------
---------------------------------------------------------------------------------
Start IO Insertion
---------------------------------------------------------------------------------
---------------------------------------------------------------------------------
Start Final Netlist Cleanup
---------------------------------------------------------------------------------
---------------------------------------------------------------------------------
Finished Final Netlist Cleanup
---------------------------------------------------------------------------------
---------------------------------------------------------------------------------
Finished IO Insertion : Time (s): cpu = 00:00:28 ; elapsed = 00:00:29 . Memory (MB): peak = 2310.609 ; gain = 840.121 ; free physical = 1407 ; free virtual = 12298
---------------------------------------------------------------------------------
---------------------------------------------------------------------------------
Start Renaming Generated Instances
---------------------------------------------------------------------------------
---------------------------------------------------------------------------------
Finished Renaming Generated Instances : Time (s): cpu = 00:00:28 ; elapsed = 00:00:29 . Memory (MB): peak = 2310.609 ; gain = 840.121 ; free physical = 1407 ; free virtual = 12298
---------------------------------------------------------------------------------
---------------------------------------------------------------------------------
Start Handling Custom Attributes
---------------------------------------------------------------------------------
---------------------------------------------------------------------------------
Finished Handling Custom Attributes : Time (s): cpu = 00:00:28 ; elapsed = 00:00:29 . Memory (MB): peak = 2310.609 ; gain = 840.121 ; free physical = 1407 ; free virtual = 12298
---------------------------------------------------------------------------------
---------------------------------------------------------------------------------
Start Writing Synthesis Report
---------------------------------------------------------------------------------

Report BlackBoxes: 
+------+--------------+----------+
|      |BlackBox name |Instances |
+------+--------------+----------+
|1     |timeGenerator |         1|
|2     |chronometer   |         1|
|3     |score         |         1|
+------+--------------+----------+

Report Cell Usage: 
+------+-------------------+------+
|      |Cell               |Count |
+------+-------------------+------+
|1     |chronometer_bbox   |     1|
|2     |score_bbox         |     1|
|3     |timeGenerator_bbox |     1|
|4     |LUT1               |     1|
|5     |LUT2               |     4|
|6     |LUT3               |    13|
|7     |LUT4               |     9|
|8     |LUT6               |     8|
|9     |MUXF7              |     4|
|10    |FDRE               |    20|
|11    |IBUF               |     9|
|12    |OBUF               |    12|
+------+-------------------+------+
---------------------------------------------------------------------------------
Finished Writing Synthesis Report : Time (s): cpu = 00:00:28 ; elapsed = 00:00:29 . Memory (MB): peak = 2310.609 ; gain = 840.121 ; free physical = 1407 ; free virtual = 12298
---------------------------------------------------------------------------------
Synthesis finished with 0 errors, 0 critical warnings and 3 warnings.
Synthesis Optimization Runtime : Time (s): cpu = 00:00:27 ; elapsed = 00:00:27 . Memory (MB): peak = 2310.609 ; gain = 708.379 ; free physical = 1399 ; free virtual = 12291
Synthesis Optimization Complete : Time (s): cpu = 00:00:28 ; elapsed = 00:00:29 . Memory (MB): peak = 2310.617 ; gain = 840.121 ; free physical = 1399 ; free virtual = 12291
INFO: [Project 1-571] Translating synthesized netlist
WARNING: [filemgmt 56-608] NGC format files are not supported in the Vivado Design Suite for UltraScale devices.
###################################### IMPORTANT ######################################
# Important: NGC format files are not supported in the Vivado Design Suite for        #
# UltraScale devices. It is recommended that you regenerate the IP using the Vivado   #
# Design Suite IP customization tools with native output products. Alternatively, you #
# can use the NGC2EDIF command to migrate the NGC file to EDIF format for importing.  #
# However, Xilinx recommends using native Vivado IP rather than XST-generated         #
# XST-generated NGC format files going forward.                                       #
#######################################################################################
Release 14.7 - ngc2edif P_INT.20191124 (lin64)
Copyright (c) 1995-2013 Xilinx, Inc.  All rights reserved.

Release 14.7 - ngc2edif P_INT.20191124 (lin64)
Copyright (c) 1995-2013 Xilinx, Inc.  All rights reserved.
Reading design timeGenerator.ngc ...
WARNING:NetListWriters:298 - No output is written to timeGenerator.xncf,
   ignored.
Processing design ...
   Preping design's networks ...
   Preping design's macros ...
  finished :Prep
Writing EDIF netlist file timeGenerator.edif ...
ngc2edif: Total memory usage is 92360 kilobytes

Reading core file '/home/dlanyar/Documents/POLYTECH/SoPC/SOPC/SOPC.srcs/sources_1/imports/Display/timeGenerator.ngc' for (cell view 'timeGenerator', library 'work')
Parsing EDIF File [./.ngc2edfcache/timeGenerator_ngc_e627f9e1.edif]
Finished Parsing EDIF File [./.ngc2edfcache/timeGenerator_ngc_e627f9e1.edif]
WARNING: [Netlist 29-5] Replacement cell view : timeGenerator has additional ports (CE_10ms) not seen in its original version.
WARNING: [filemgmt 56-608] NGC format files are not supported in the Vivado Design Suite for UltraScale devices.
###################################### IMPORTANT ######################################
# Important: NGC format files are not supported in the Vivado Design Suite for        #
# UltraScale devices. It is recommended that you regenerate the IP using the Vivado   #
# Design Suite IP customization tools with native output products. Alternatively, you #
# can use the NGC2EDIF command to migrate the NGC file to EDIF format for importing.  #
# However, Xilinx recommends using native Vivado IP rather than XST-generated         #
# XST-generated NGC format files going forward.                                       #
#######################################################################################
Release 14.7 - ngc2edif P_INT.20191124 (lin64)
Copyright (c) 1995-2013 Xilinx, Inc.  All rights reserved.

Release 14.7 - ngc2edif P_INT.20191124 (lin64)
Copyright (c) 1995-2013 Xilinx, Inc.  All rights reserved.
Reading design chronometer.ngc ...
WARNING:NetListWriters:298 - No output is written to chronometer.xncf, ignored.
Processing design ...
   Preping design's networks ...
   Preping design's macros ...
  finished :Prep
Writing EDIF netlist file chronometer.edif ...
ngc2edif: Total memory usage is 91684 kilobytes

Reading core file '/home/dlanyar/Documents/POLYTECH/SoPC/SOPC/SOPC.srcs/sources_1/imports/Display/chronometer.ngc' for (cell view 'chronometer', library 'work')
Parsing EDIF File [./.ngc2edfcache/chronometer_ngc_e627f9e1.edif]
Finished Parsing EDIF File [./.ngc2edfcache/chronometer_ngc_e627f9e1.edif]
WARNING: [filemgmt 56-608] NGC format files are not supported in the Vivado Design Suite for UltraScale devices.
###################################### IMPORTANT ######################################
# Important: NGC format files are not supported in the Vivado Design Suite for        #
# UltraScale devices. It is recommended that you regenerate the IP using the Vivado   #
# Design Suite IP customization tools with native output products. Alternatively, you #
# can use the NGC2EDIF command to migrate the NGC file to EDIF format for importing.  #
# However, Xilinx recommends using native Vivado IP rather than XST-generated         #
# XST-generated NGC format files going forward.                                       #
#######################################################################################
Release 14.7 - ngc2edif P_INT.20191124 (lin64)
Copyright (c) 1995-2013 Xilinx, Inc.  All rights reserved.

Release 14.7 - ngc2edif P_INT.20191124 (lin64)
Copyright (c) 1995-2013 Xilinx, Inc.  All rights reserved.
Reading design score.ngc ...
WARNING:NetListWriters:298 - No output is written to score.xncf, ignored.
Processing design ...
   Preping design's networks ...
   Preping design's macros ...
  finished :Prep
Writing EDIF netlist file score.edif ...
ngc2edif: Total memory usage is 91676 kilobytes

Reading core file '/home/dlanyar/Documents/POLYTECH/SoPC/SOPC/SOPC.srcs/sources_1/imports/Display/score.ngc' for (cell view 'score', library 'work')
Parsing EDIF File [./.ngc2edfcache/score_ngc_e627f9e1.edif]
Finished Parsing EDIF File [./.ngc2edfcache/score_ngc_e627f9e1.edif]
Netlist sorting complete. Time (s): cpu = 00:00:00 ; elapsed = 00:00:00 . Memory (MB): peak = 2310.617 ; gain = 0.000 ; free physical = 1516 ; free virtual = 12437
INFO: [Netlist 29-17] Analyzing 265 Unisim elements for replacement
WARNING: [Netlist 29-432] The IBUFG primitive 'U0/U0/clkin1_buf' has been retargeted to an IBUF primitive only. No BUFG will be added. If a global buffer is intended, please instantiate an available global clock primitive from the current architecture.
INFO: [Netlist 29-28] Unisim Transformation completed in 0 CPU seconds
INFO: [Project 1-479] Netlist was created with Xilinx ngc2edif P_INT.20191124
INFO: [Project 1-570] Preparing netlist for logic optimization
WARNING: [Opt 31-35] Removing redundant IBUF, U0/U0/clkin1_buf, from the path connected to top-level port: GCLK 
Resolution: The tool has removed redundant IBUF. To resolve this warning, check for redundant IBUF in the input design.
INFO: [Opt 31-138] Pushed 0 inverter(s) to 0 load pin(s).
Netlist sorting complete. Time (s): cpu = 00:00:00 ; elapsed = 00:00:00 . Memory (MB): peak = 2334.621 ; gain = 0.000 ; free physical = 1524 ; free virtual = 12445
INFO: [Project 1-111] Unisim Transformation Summary:
  A total of 122 instances were transformed.
  (MUXCY,XORCY) => CARRY4: 23 instances
  FD => FDRE: 51 instances
  FDC => FDCE: 5 instances
  FDE => FDRE: 2 instances
  FDR => FDRE: 32 instances
  INV => LUT1: 9 instances

Synth Design complete | Checksum: 543b9bdc
INFO: [Common 17-83] Releasing license: Synthesis
54 Infos, 18 Warnings, 0 Critical Warnings and 0 Errors encountered.
synth_design completed successfully
synth_design: Time (s): cpu = 00:00:41 ; elapsed = 00:00:39 . Memory (MB): peak = 2334.621 ; gain = 902.988 ; free physical = 1524 ; free virtual = 12445
INFO: [Common 17-2834] synth_design peak Physical Memory [PSS] (MB): overall = 1548.789; main = 1537.211; forked = 269.540
INFO: [Common 17-2834] synth_design peak Virtual Memory [VSS] (MB): overall = 3032.449; main = 2334.625; forked = 909.664
Write ShapeDB Complete: Time (s): cpu = 00:00:00 ; elapsed = 00:00:00 . Memory (MB): peak = 2358.633 ; gain = 0.000 ; free physical = 1524 ; free virtual = 12446
INFO: [Common 17-1381] The checkpoint '/home/dlanyar/Documents/POLYTECH/SoPC/SOPC/SOPC.runs/synth_1/chronoscore.dcp' has been generated.
INFO: [Vivado 12-24828] Executing command : report_utilization -file chronoscore_utilization_synth.rpt -pb chronoscore_utilization_synth.pb
INFO: [Common 17-206] Exiting Vivado at Tue Apr  8 12:55:06 2025...
