Copyright 1986-2022 Xilinx, Inc. All Rights Reserved. Copyright 2022-2024 Advanced Micro Devices, Inc. All Rights Reserved.
---------------------------------------------------------------------------------------------------------------------------------------------
| Tool Version : Vivado v.2024.2 (lin64) Build 5239630 Fri Nov 08 22:34:34 MST 2024
| Date         : Sun Apr 13 15:15:44 2025
| Host         : CASE running 64-bit unknown
| Command      : report_control_sets -verbose -file chronoscore_control_sets_placed.rpt
| Design       : chronoscore
| Device       : xc7a35t
---------------------------------------------------------------------------------------------------------------------------------------------

Control Set Information

Table of Contents
-----------------
1. Summary
2. Histogram
3. Flip-Flop Distribution
4. Detailed Control Set Information

1. Summary
----------

+----------------------------------------------------------+-------+
|                          Status                          | Count |
+----------------------------------------------------------+-------+
| Total control sets                                       |    12 |
|    Minimum number of control sets                        |    12 |
|    Addition due to synthesis replication                 |     0 |
|    Addition due to physical synthesis replication        |     0 |
| Unused register locations in slices containing registers |    50 |
+----------------------------------------------------------+-------+
* Control sets can be merged at opt_design using control_set_merge or merge_equivalent_drivers
** Run report_qor_suggestions for automated merging and remapping suggestions


2. Histogram
------------

+--------------------+-------+
|       Fanout       | Count |
+--------------------+-------+
| Total control sets |    12 |
| >= 0 to < 4        |     1 |
| >= 4 to < 6        |     9 |
| >= 6 to < 8        |     0 |
| >= 8 to < 10       |     0 |
| >= 10 to < 12      |     0 |
| >= 12 to < 14      |     0 |
| >= 14 to < 16      |     1 |
| >= 16              |     1 |
+--------------------+-------+
* Control sets can be remapped at either synth_design or opt_design


3. Flip-Flop Distribution
-------------------------

+--------------+-----------------------+------------------------+-----------------+--------------+
| Clock Enable | Synchronous Set/Reset | Asynchronous Set/Reset | Total Registers | Total Slices |
+--------------+-----------------------+------------------------+-----------------+--------------+
| No           | No                    | No                     |              51 |           21 |
| No           | No                    | Yes                    |               1 |            1 |
| No           | Yes                   | No                     |              14 |            5 |
| Yes          | No                    | No                     |               0 |            0 |
| Yes          | No                    | Yes                    |              16 |            4 |
| Yes          | Yes                   | No                     |              20 |            6 |
+--------------+-----------------------+------------------------+-----------------+--------------+


4. Detailed Control Set Information
-----------------------------------

+--------------+---------------+----------------------------------+------------------+----------------+--------------+
| Clock Signal | Enable Signal |         Set/Reset Signal         | Slice Load Count | Bel Load Count | Bels / Slice |
+--------------+---------------+----------------------------------+------------------+----------------+--------------+
|  U0/CLK      |               | U1_i_1_n_0                       |                1 |              1 |         1.00 |
|  U0/CLK      | U1/CE1_out    | U1_i_1_n_0                       |                1 |              4 |         4.00 |
|  U0/CLK      | U0/U2/T_out   | BPreset_IBUF                     |                1 |              4 |         4.00 |
|  U0/CLK      | U1/CE2_out    | U1_i_1_n_0                       |                1 |              4 |         4.00 |
|  U0/CLK      | U1/CE3_out    | U1_i_1_n_0                       |                1 |              4 |         4.00 |
|  U0/CLK      | U1/CE         | U1_i_1_n_0                       |                1 |              4 |         4.00 |
|  U0/CLK      | U2/CE3_out    | BPreset_IBUF                     |                1 |              4 |         4.00 |
|  U0/CLK      | U2/CE5_out    | BPreset_IBUF                     |                1 |              4 |         4.00 |
|  U0/CLK      | U2/CE1_out    | BPreset_IBUF                     |                2 |              4 |         2.00 |
|  U0/CLK      | U2/CE         | BPreset_IBUF                     |                1 |              4 |         4.00 |
|  U0/CLK      |               | U0/U2/GND_38_o_PWR_11_o_MUX_46_o |                5 |             14 |         2.80 |
|  U0/CLK      |               |                                  |               21 |             51 |         2.43 |
+--------------+---------------+----------------------------------+------------------+----------------+--------------+


