Copyright 1986-2022 Xilinx, Inc. All Rights Reserved. Copyright 2022-2024 Advanced Micro Devices, Inc. All Rights Reserved.
------------------------------------------------------------------------------------------------------------------------------------------------------------------------------------------------------------------------------
| Tool Version : Vivado v.2024.2 (lin64) Build 5239630 Fri Nov 08 22:34:34 MST 2024
| Date         : Tue Apr  8 12:56:13 2025
| Host         : CASE running 64-bit unknown
| Command      : report_timing_summary -max_paths 10 -report_unconstrained -file chronoscore_timing_summary_routed.rpt -pb chronoscore_timing_summary_routed.pb -rpx chronoscore_timing_summary_routed.rpx -warn_on_violation
| Design       : chronoscore
| Device       : 7a35t-cpg236
| Speed File   : -1  PRODUCTION 1.23 2018-06-13
| Design State : Routed
------------------------------------------------------------------------------------------------------------------------------------------------------------------------------------------------------------------------------

Timing Summary Report

------------------------------------------------------------------------------------------------
| Timer Settings
| --------------
------------------------------------------------------------------------------------------------

  Enable Multi Corner Analysis               :  Yes
  Enable Pessimism Removal                   :  Yes
  Pessimism Removal Resolution               :  Nearest Common Node
  Enable Input Delay Default Clock           :  No
  Enable Preset / Clear Arcs                 :  No
  Disable Flight Delays                      :  No
  Ignore I/O Paths                           :  No
  Timing Early Launch at Borrowing Latches   :  No
  Borrow Time for Max Delay Exceptions       :  Yes
  Merge Timing Exceptions                    :  Yes
  Inter-SLR Compensation                     :  Conservative

  Corner  Analyze    Analyze    
  Name    Max Paths  Min Paths  
  ------  ---------  ---------  
  Slow    Yes        Yes        
  Fast    Yes        Yes        


------------------------------------------------------------------------------------------------
| Report Methodology
| ------------------
------------------------------------------------------------------------------------------------

Rule       Severity          Description                  Violations  
---------  ----------------  ---------------------------  ----------  
TIMING-17  Critical Warning  Non-clocked sequential cell  105         

Note: This report is based on the most recent report_methodology run and may not be up-to-date. Run report_methodology on the current design for the latest report.



check_timing report

Table of Contents
-----------------
1. checking no_clock (105)
2. checking constant_clock (0)
3. checking pulse_width_clock (0)
4. checking unconstrained_internal_endpoints (189)
5. checking no_input_delay (7)
6. checking no_output_delay (12)
7. checking multiple_clock (0)
8. checking generated_clocks (0)
9. checking loops (0)
10. checking partial_input_delay (0)
11. checking partial_output_delay (0)
12. checking latch_loops (0)

1. checking no_clock (105)
--------------------------
 There are 105 register/latch pins with no clock driven by root clock pin: GCLK (HIGH)


2. checking constant_clock (0)
------------------------------
 There are 0 register/latch pins with constant_clock.


3. checking pulse_width_clock (0)
---------------------------------
 There are 0 register/latch pins which need pulse_width check


4. checking unconstrained_internal_endpoints (189)
--------------------------------------------------
 There are 189 pins that are not constrained for maximum delay. (HIGH)

 There are 0 pins that are not constrained for maximum delay due to constant clock.


5. checking no_input_delay (7)
------------------------------
 There are 7 input ports with no input delay specified. (HIGH)

 There are 0 input ports with no input delay but user has a false path constraint.


6. checking no_output_delay (12)
--------------------------------
 There are 12 ports with no output delay specified. (HIGH)

 There are 0 ports with no output delay but user has a false path constraint

 There are 0 ports with no output delay but with a timing clock defined on it or propagating through it


7. checking multiple_clock (0)
------------------------------
 There are 0 register/latch pins with multiple clocks.


8. checking generated_clocks (0)
--------------------------------
 There are 0 generated clocks that are not connected to a clock source.


9. checking loops (0)
---------------------
 There are 0 combinational loops in the design.


10. checking partial_input_delay (0)
------------------------------------
 There are 0 input ports with partial input delay specified.


11. checking partial_output_delay (0)
-------------------------------------
 There are 0 ports with partial output delay specified.


12. checking latch_loops (0)
----------------------------
 There are 0 combinational latch loops in the design through latch input



------------------------------------------------------------------------------------------------
| Design Timing Summary
| ---------------------
------------------------------------------------------------------------------------------------

    WNS(ns)      TNS(ns)  TNS Failing Endpoints  TNS Total Endpoints      WHS(ns)      THS(ns)  THS Failing Endpoints  THS Total Endpoints     WPWS(ns)     TPWS(ns)  TPWS Failing Endpoints  TPWS Total Endpoints  
    -------      -------  ---------------------  -------------------      -------      -------  ---------------------  -------------------     --------     --------  ----------------------  --------------------  
        inf        0.000                      0                  202          inf        0.000                      0                  202           NA           NA                      NA                    NA  


There are no user specified timing constraints.


------------------------------------------------------------------------------------------------
| Clock Summary
| -------------
------------------------------------------------------------------------------------------------


------------------------------------------------------------------------------------------------
| Intra Clock Table
| -----------------
------------------------------------------------------------------------------------------------

Clock             WNS(ns)      TNS(ns)  TNS Failing Endpoints  TNS Total Endpoints      WHS(ns)      THS(ns)  THS Failing Endpoints  THS Total Endpoints     WPWS(ns)     TPWS(ns)  TPWS Failing Endpoints  TPWS Total Endpoints  
-----             -------      -------  ---------------------  -------------------      -------      -------  ---------------------  -------------------     --------     --------  ----------------------  --------------------  


------------------------------------------------------------------------------------------------
| Inter Clock Table
| -----------------
------------------------------------------------------------------------------------------------

From Clock    To Clock          WNS(ns)      TNS(ns)  TNS Failing Endpoints  TNS Total Endpoints      WHS(ns)      THS(ns)  THS Failing Endpoints  THS Total Endpoints  
----------    --------          -------      -------  ---------------------  -------------------      -------      -------  ---------------------  -------------------  


------------------------------------------------------------------------------------------------
| Other Path Groups Table
| -----------------------
------------------------------------------------------------------------------------------------

Path Group    From Clock    To Clock          WNS(ns)      TNS(ns)  TNS Failing Endpoints  TNS Total Endpoints      WHS(ns)      THS(ns)  THS Failing Endpoints  THS Total Endpoints  
----------    ----------    --------          -------      -------  ---------------------  -------------------      -------      -------  ---------------------  -------------------  


------------------------------------------------------------------------------------------------
| User Ignored Path Table
| -----------------------
------------------------------------------------------------------------------------------------

Path Group    From Clock    To Clock    
----------    ----------    --------    


------------------------------------------------------------------------------------------------
| Unconstrained Path Table
| ------------------------
------------------------------------------------------------------------------------------------

Path Group    From Clock    To Clock    
----------    ----------    --------    
(none)                                    


------------------------------------------------------------------------------------------------
| Timing Details
| --------------
------------------------------------------------------------------------------------------------


--------------------------------------------------------------------------------------
Path Group:  (none)
From Clock:  
  To Clock:  

Max Delay           202 Endpoints
Min Delay           202 Endpoints
--------------------------------------------------------------------------------------


Max Delay Paths
--------------------------------------------------------------------------------------
Slack:                    inf
  Source:                 TEST
                            (input port)
  Destination:            AN[0]
                            (output port)
  Path Group:             (none)
  Path Type:              Max at Slow Process Corner
  Data Path Delay:        10.660ns  (logic 5.308ns (49.792%)  route 5.352ns (50.208%))
  Logic Levels:           3  (IBUF=1 LUT3=1 OBUF=1)

    Location             Delay type                Incr(ns)  Path(ns)    Netlist Resource(s)
  -------------------------------------------------------------------    -------------------
    V17                                               0.000     0.000 r  TEST (IN)
                         net (fo=0)                   0.000     0.000    TEST
    V17                  IBUF (Prop_ibuf_I_O)         1.453     1.453 r  TEST_IBUF_inst/O
                         net (fo=4, routed)           3.133     4.586    TEST_IBUF
    SLICE_X56Y22         LUT3 (Prop_lut3_I1_O)        0.148     4.734 r  AN_OBUF[0]_inst_i_1/O
                         net (fo=1, routed)           2.219     6.953    AN_OBUF[0]
    U2                   OBUF (Prop_obuf_I_O)         3.707    10.660 r  AN_OBUF[0]_inst/O
                         net (fo=0)                   0.000    10.660    AN[0]
    U2                                                                r  AN[0] (OUT)
  -------------------------------------------------------------------    -------------------

Slack:                    inf
  Source:                 TEST
                            (input port)
  Destination:            AN[1]
                            (output port)
  Path Group:             (none)
  Path Type:              Max at Slow Process Corner
  Data Path Delay:        10.350ns  (logic 5.076ns (49.044%)  route 5.274ns (50.956%))
  Logic Levels:           3  (IBUF=1 LUT3=1 OBUF=1)

    Location             Delay type                Incr(ns)  Path(ns)    Netlist Resource(s)
  -------------------------------------------------------------------    -------------------
    V17                                               0.000     0.000 r  TEST (IN)
                         net (fo=0)                   0.000     0.000    TEST
    V17                  IBUF (Prop_ibuf_I_O)         1.453     1.453 r  TEST_IBUF_inst/O
                         net (fo=4, routed)           3.133     4.586    TEST_IBUF
    SLICE_X56Y22         LUT3 (Prop_lut3_I1_O)        0.124     4.710 r  AN_OBUF[1]_inst_i_1/O
                         net (fo=1, routed)           2.141     6.851    AN_OBUF[1]
    U4                   OBUF (Prop_obuf_I_O)         3.499    10.350 r  AN_OBUF[1]_inst/O
                         net (fo=0)                   0.000    10.350    AN[1]
    U4                                                                r  AN[1] (OUT)
  -------------------------------------------------------------------    -------------------

Slack:                    inf
  Source:                 TEST
                            (input port)
  Destination:            AN[3]
                            (output port)
  Path Group:             (none)
  Path Type:              Max at Slow Process Corner
  Data Path Delay:        10.309ns  (logic 5.315ns (51.558%)  route 4.994ns (48.442%))
  Logic Levels:           3  (IBUF=1 LUT3=1 OBUF=1)

    Location             Delay type                Incr(ns)  Path(ns)    Netlist Resource(s)
  -------------------------------------------------------------------    -------------------
    V17                                               0.000     0.000 r  TEST (IN)
                         net (fo=0)                   0.000     0.000    TEST
    V17                  IBUF (Prop_ibuf_I_O)         1.453     1.453 r  TEST_IBUF_inst/O
                         net (fo=4, routed)           2.991     4.444    TEST_IBUF
    SLICE_X56Y21         LUT3 (Prop_lut3_I1_O)        0.148     4.592 r  AN_OBUF[3]_inst_i_1/O
                         net (fo=1, routed)           2.003     6.595    AN_OBUF[3]
    W4                   OBUF (Prop_obuf_I_O)         3.714    10.309 r  AN_OBUF[3]_inst/O
                         net (fo=0)                   0.000    10.309    AN[3]
    W4                                                                r  AN[3] (OUT)
  -------------------------------------------------------------------    -------------------

Slack:                    inf
  Source:                 TEST
                            (input port)
  Destination:            AN[2]
                            (output port)
  Path Group:             (none)
  Path Type:              Max at Slow Process Corner
  Data Path Delay:        10.232ns  (logic 5.100ns (49.843%)  route 5.132ns (50.157%))
  Logic Levels:           3  (IBUF=1 LUT3=1 OBUF=1)

    Location             Delay type                Incr(ns)  Path(ns)    Netlist Resource(s)
  -------------------------------------------------------------------    -------------------
    V17                                               0.000     0.000 r  TEST (IN)
                         net (fo=0)                   0.000     0.000    TEST
    V17                  IBUF (Prop_ibuf_I_O)         1.453     1.453 r  TEST_IBUF_inst/O
                         net (fo=4, routed)           2.991     4.444    TEST_IBUF
    SLICE_X56Y21         LUT3 (Prop_lut3_I1_O)        0.124     4.568 r  AN_OBUF[2]_inst_i_1/O
                         net (fo=1, routed)           2.141     6.709    AN_OBUF[2]
    V4                   OBUF (Prop_obuf_I_O)         3.523    10.232 r  AN_OBUF[2]_inst/O
                         net (fo=0)                   0.000    10.232    AN[2]
    V4                                                                r  AN[2] (OUT)
  -------------------------------------------------------------------    -------------------

Slack:                    inf
  Source:                 TEST_HSLS
                            (input port)
  Destination:            U0/U1/vcount_26/D
  Path Group:             (none)
  Path Type:              Max at Slow Process Corner
  Data Path Delay:        7.515ns  (logic 1.947ns (25.903%)  route 5.569ns (74.097%))
  Logic Levels:           5  (IBUF=1 LUT2=1 LUT5=2 LUT6=1)

    Location             Delay type                Incr(ns)  Path(ns)    Netlist Resource(s)
  -------------------------------------------------------------------    -------------------
    W15                                               0.000     0.000 r  TEST_HSLS (IN)
                         net (fo=0)                   0.000     0.000    TEST_HSLS
    W15                  IBUF (Prop_ibuf_I_O)         1.451     1.451 r  TEST_HSLS_IBUF_inst/O
                         net (fo=4, routed)           2.957     4.407    U0/TEST_HSLS
    SLICE_X47Y14         LUT5 (Prop_lut5_I0_O)        0.124     4.531 f  U0/U1/GND_37_o_PWR_10_o_MUX_28_o4/O
                         net (fo=1, routed)           0.403     4.934    U0/U1/GND_37_o_PWR_10_o_MUX_28_o4
    SLICE_X47Y15         LUT5 (Prop_lut5_I3_O)        0.124     5.058 f  U0/U1/GND_37_o_PWR_10_o_MUX_28_o6/O
                         net (fo=2, routed)           0.823     5.882    U0/U1/GND_37_o_PWR_10_o_MUX_28_o6
    SLICE_X44Y14         LUT6 (Prop_lut6_I4_O)        0.124     6.006 f  U0/U1/GND_37_o_PWR_10_o_MUX_28_o9/O
                         net (fo=27, routed)          1.386     7.391    U0/U1/GND_37_o_PWR_10_o_MUX_28_o
    SLICE_X47Y17         LUT2 (Prop_lut2_I1_O)        0.124     7.515 r  U0/U1/vcount_26_rstpot/O
                         net (fo=1, routed)           0.000     7.515    U0/U1/vcount_26_rstpot
    SLICE_X47Y17         FDRE                                         r  U0/U1/vcount_26/D
  -------------------------------------------------------------------    -------------------

Slack:                    inf
  Source:                 TEST_HSLS
                            (input port)
  Destination:            U0/U1/vcount_3/D
  Path Group:             (none)
  Path Type:              Max at Slow Process Corner
  Data Path Delay:        7.512ns  (logic 1.947ns (25.914%)  route 5.566ns (74.086%))
  Logic Levels:           5  (IBUF=1 LUT2=1 LUT5=2 LUT6=1)

    Location             Delay type                Incr(ns)  Path(ns)    Netlist Resource(s)
  -------------------------------------------------------------------    -------------------
    W15                                               0.000     0.000 r  TEST_HSLS (IN)
                         net (fo=0)                   0.000     0.000    TEST_HSLS
    W15                  IBUF (Prop_ibuf_I_O)         1.451     1.451 r  TEST_HSLS_IBUF_inst/O
                         net (fo=4, routed)           2.957     4.407    U0/TEST_HSLS
    SLICE_X47Y14         LUT5 (Prop_lut5_I0_O)        0.124     4.531 f  U0/U1/GND_37_o_PWR_10_o_MUX_28_o4/O
                         net (fo=1, routed)           0.403     4.934    U0/U1/GND_37_o_PWR_10_o_MUX_28_o4
    SLICE_X47Y15         LUT5 (Prop_lut5_I3_O)        0.124     5.058 f  U0/U1/GND_37_o_PWR_10_o_MUX_28_o6/O
                         net (fo=2, routed)           0.823     5.882    U0/U1/GND_37_o_PWR_10_o_MUX_28_o6
    SLICE_X44Y14         LUT6 (Prop_lut6_I4_O)        0.124     6.006 f  U0/U1/GND_37_o_PWR_10_o_MUX_28_o9/O
                         net (fo=27, routed)          1.383     7.388    U0/U1/GND_37_o_PWR_10_o_MUX_28_o
    SLICE_X47Y11         LUT2 (Prop_lut2_I1_O)        0.124     7.512 r  U0/U1/vcount_3_rstpot/O
                         net (fo=1, routed)           0.000     7.512    U0/U1/vcount_3_rstpot
    SLICE_X47Y11         FDRE                                         r  U0/U1/vcount_3/D
  -------------------------------------------------------------------    -------------------

Slack:                    inf
  Source:                 TEST_HSLS
                            (input port)
  Destination:            U0/U1/vcount_25/D
  Path Group:             (none)
  Path Type:              Max at Slow Process Corner
  Data Path Delay:        7.510ns  (logic 1.947ns (25.920%)  route 5.564ns (74.080%))
  Logic Levels:           5  (IBUF=1 LUT2=1 LUT5=2 LUT6=1)

    Location             Delay type                Incr(ns)  Path(ns)    Netlist Resource(s)
  -------------------------------------------------------------------    -------------------
    W15                                               0.000     0.000 r  TEST_HSLS (IN)
                         net (fo=0)                   0.000     0.000    TEST_HSLS
    W15                  IBUF (Prop_ibuf_I_O)         1.451     1.451 r  TEST_HSLS_IBUF_inst/O
                         net (fo=4, routed)           2.957     4.407    U0/TEST_HSLS
    SLICE_X47Y14         LUT5 (Prop_lut5_I0_O)        0.124     4.531 f  U0/U1/GND_37_o_PWR_10_o_MUX_28_o4/O
                         net (fo=1, routed)           0.403     4.934    U0/U1/GND_37_o_PWR_10_o_MUX_28_o4
    SLICE_X47Y15         LUT5 (Prop_lut5_I3_O)        0.124     5.058 f  U0/U1/GND_37_o_PWR_10_o_MUX_28_o6/O
                         net (fo=2, routed)           0.823     5.882    U0/U1/GND_37_o_PWR_10_o_MUX_28_o6
    SLICE_X44Y14         LUT6 (Prop_lut6_I4_O)        0.124     6.006 f  U0/U1/GND_37_o_PWR_10_o_MUX_28_o9/O
                         net (fo=27, routed)          1.381     7.386    U0/U1/GND_37_o_PWR_10_o_MUX_28_o
    SLICE_X47Y17         LUT2 (Prop_lut2_I1_O)        0.124     7.510 r  U0/U1/vcount_25_rstpot/O
                         net (fo=1, routed)           0.000     7.510    U0/U1/vcount_25_rstpot
    SLICE_X47Y17         FDRE                                         r  U0/U1/vcount_25/D
  -------------------------------------------------------------------    -------------------

Slack:                    inf
  Source:                 TEST_HSLS
                            (input port)
  Destination:            U0/U1/vcount_2/D
  Path Group:             (none)
  Path Type:              Max at Slow Process Corner
  Data Path Delay:        7.507ns  (logic 1.947ns (25.931%)  route 5.561ns (74.069%))
  Logic Levels:           5  (IBUF=1 LUT2=1 LUT5=2 LUT6=1)

    Location             Delay type                Incr(ns)  Path(ns)    Netlist Resource(s)
  -------------------------------------------------------------------    -------------------
    W15                                               0.000     0.000 r  TEST_HSLS (IN)
                         net (fo=0)                   0.000     0.000    TEST_HSLS
    W15                  IBUF (Prop_ibuf_I_O)         1.451     1.451 r  TEST_HSLS_IBUF_inst/O
                         net (fo=4, routed)           2.957     4.407    U0/TEST_HSLS
    SLICE_X47Y14         LUT5 (Prop_lut5_I0_O)        0.124     4.531 f  U0/U1/GND_37_o_PWR_10_o_MUX_28_o4/O
                         net (fo=1, routed)           0.403     4.934    U0/U1/GND_37_o_PWR_10_o_MUX_28_o4
    SLICE_X47Y15         LUT5 (Prop_lut5_I3_O)        0.124     5.058 f  U0/U1/GND_37_o_PWR_10_o_MUX_28_o6/O
                         net (fo=2, routed)           0.823     5.882    U0/U1/GND_37_o_PWR_10_o_MUX_28_o6
    SLICE_X44Y14         LUT6 (Prop_lut6_I4_O)        0.124     6.006 f  U0/U1/GND_37_o_PWR_10_o_MUX_28_o9/O
                         net (fo=27, routed)          1.378     7.383    U0/U1/GND_37_o_PWR_10_o_MUX_28_o
    SLICE_X47Y11         LUT2 (Prop_lut2_I1_O)        0.124     7.507 r  U0/U1/vcount_2_rstpot/O
                         net (fo=1, routed)           0.000     7.507    U0/U1/vcount_2_rstpot
    SLICE_X47Y11         FDRE                                         r  U0/U1/vcount_2/D
  -------------------------------------------------------------------    -------------------

Slack:                    inf
  Source:                 TEST_HSLS
                            (input port)
  Destination:            U0/U1/vcount_7/D
  Path Group:             (none)
  Path Type:              Max at Slow Process Corner
  Data Path Delay:        7.345ns  (logic 1.947ns (26.503%)  route 5.399ns (73.497%))
  Logic Levels:           5  (IBUF=1 LUT2=1 LUT5=2 LUT6=1)

    Location             Delay type                Incr(ns)  Path(ns)    Netlist Resource(s)
  -------------------------------------------------------------------    -------------------
    W15                                               0.000     0.000 r  TEST_HSLS (IN)
                         net (fo=0)                   0.000     0.000    TEST_HSLS
    W15                  IBUF (Prop_ibuf_I_O)         1.451     1.451 r  TEST_HSLS_IBUF_inst/O
                         net (fo=4, routed)           2.957     4.407    U0/TEST_HSLS
    SLICE_X47Y14         LUT5 (Prop_lut5_I0_O)        0.124     4.531 f  U0/U1/GND_37_o_PWR_10_o_MUX_28_o4/O
                         net (fo=1, routed)           0.403     4.934    U0/U1/GND_37_o_PWR_10_o_MUX_28_o4
    SLICE_X47Y15         LUT5 (Prop_lut5_I3_O)        0.124     5.058 f  U0/U1/GND_37_o_PWR_10_o_MUX_28_o6/O
                         net (fo=2, routed)           0.823     5.882    U0/U1/GND_37_o_PWR_10_o_MUX_28_o6
    SLICE_X44Y14         LUT6 (Prop_lut6_I4_O)        0.124     6.006 f  U0/U1/GND_37_o_PWR_10_o_MUX_28_o9/O
                         net (fo=27, routed)          1.215     7.221    U0/U1/GND_37_o_PWR_10_o_MUX_28_o
    SLICE_X47Y12         LUT2 (Prop_lut2_I1_O)        0.124     7.345 r  U0/U1/vcount_7_rstpot/O
                         net (fo=1, routed)           0.000     7.345    U0/U1/vcount_7_rstpot
    SLICE_X47Y12         FDRE                                         r  U0/U1/vcount_7/D
  -------------------------------------------------------------------    -------------------

Slack:                    inf
  Source:                 TEST_HSLS
                            (input port)
  Destination:            U0/U1/vcount_24/D
  Path Group:             (none)
  Path Type:              Max at Slow Process Corner
  Data Path Delay:        7.342ns  (logic 1.947ns (26.514%)  route 5.396ns (73.486%))
  Logic Levels:           5  (IBUF=1 LUT2=1 LUT5=2 LUT6=1)

    Location             Delay type                Incr(ns)  Path(ns)    Netlist Resource(s)
  -------------------------------------------------------------------    -------------------
    W15                                               0.000     0.000 r  TEST_HSLS (IN)
                         net (fo=0)                   0.000     0.000    TEST_HSLS
    W15                  IBUF (Prop_ibuf_I_O)         1.451     1.451 r  TEST_HSLS_IBUF_inst/O
                         net (fo=4, routed)           2.957     4.407    U0/TEST_HSLS
    SLICE_X47Y14         LUT5 (Prop_lut5_I0_O)        0.124     4.531 f  U0/U1/GND_37_o_PWR_10_o_MUX_28_o4/O
                         net (fo=1, routed)           0.403     4.934    U0/U1/GND_37_o_PWR_10_o_MUX_28_o4
    SLICE_X47Y15         LUT5 (Prop_lut5_I3_O)        0.124     5.058 f  U0/U1/GND_37_o_PWR_10_o_MUX_28_o6/O
                         net (fo=2, routed)           0.823     5.882    U0/U1/GND_37_o_PWR_10_o_MUX_28_o6
    SLICE_X44Y14         LUT6 (Prop_lut6_I4_O)        0.124     6.006 f  U0/U1/GND_37_o_PWR_10_o_MUX_28_o9/O
                         net (fo=27, routed)          1.213     7.218    U0/U1/GND_37_o_PWR_10_o_MUX_28_o
    SLICE_X47Y17         LUT2 (Prop_lut2_I1_O)        0.124     7.342 r  U0/U1/vcount_24_rstpot/O
                         net (fo=1, routed)           0.000     7.342    U0/U1/vcount_24_rstpot
    SLICE_X47Y17         FDRE                                         r  U0/U1/vcount_24/D
  -------------------------------------------------------------------    -------------------





Min Delay Paths
--------------------------------------------------------------------------------------
Slack:                    inf
  Source:                 GCLK
                            (input port)
  Destination:            U0/U0/plle2_adv_inst/CLKFBIN
  Path Group:             (none)
  Path Type:              Min at Slow Process Corner
  Data Path Delay:        -2.034ns  (logic -6.270ns (308.272%)  route 4.236ns (-208.272%))
  Logic Levels:           3  (BUFG=1 IBUF=1 PLLE2_ADV=1)

    Location             Delay type                Incr(ns)  Path(ns)    Netlist Resource(s)
  -------------------------------------------------------------------    -------------------
    W5                                                0.000     0.000 r  GCLK (IN)
                         net (fo=0)                   0.000     0.000    GCLK
    W5                   IBUF (Prop_ibuf_I_O)         1.388     1.388 r  GCLK_IBUF_inst/O
                         net (fo=1, routed)           1.181     2.569    U0/GCLK
    PLLE2_ADV_X1Y0       PLLE2_ADV (Prop_plle2_adv_CLKIN1_CLKFBOUT)
                                                     -7.750    -5.181 r  U0/U0/plle2_adv_inst/CLKFBOUT
                         net (fo=1, routed)           1.576    -3.604    U0/U0/clkfbout
    BUFGCTRL_X0Y1        BUFG (Prop_bufg_I_O)         0.091    -3.513 r  U0/U0/clkf_buf/O
                         net (fo=1, routed)           1.479    -2.034    U0/U0/clkfbout_buf
    PLLE2_ADV_X1Y0       PLLE2_ADV                                    r  U0/U0/plle2_adv_inst/CLKFBIN
  -------------------------------------------------------------------    -------------------

Slack:                    inf
  Source:                 U1/U3/TC_int/C
                            (rising edge-triggered cell FDCE)
  Destination:            U1/U4/Q_int_0/CE
  Path Group:             (none)
  Path Type:              Min at Fast Process Corner
  Data Path Delay:        0.271ns  (logic 0.141ns (51.992%)  route 0.130ns (48.008%))
  Logic Levels:           1  (FDCE=1)

    Location             Delay type                Incr(ns)  Path(ns)    Netlist Resource(s)
  -------------------------------------------------------------------    -------------------
    SLICE_X48Y18         FDCE                         0.000     0.000 r  U1/U3/TC_int/C
    SLICE_X48Y18         FDCE (Prop_fdce_C_Q)         0.141     0.141 r  U1/U3/TC_int/Q
                         net (fo=4, routed)           0.130     0.271    U1/U3/TC_int
    SLICE_X48Y20         FDCE                                         r  U1/U4/Q_int_0/CE
  -------------------------------------------------------------------    -------------------

Slack:                    inf
  Source:                 U1/U3/TC_int/C
                            (rising edge-triggered cell FDCE)
  Destination:            U1/U4/Q_int_1/CE
  Path Group:             (none)
  Path Type:              Min at Fast Process Corner
  Data Path Delay:        0.271ns  (logic 0.141ns (51.992%)  route 0.130ns (48.008%))
  Logic Levels:           1  (FDCE=1)

    Location             Delay type                Incr(ns)  Path(ns)    Netlist Resource(s)
  -------------------------------------------------------------------    -------------------
    SLICE_X48Y18         FDCE                         0.000     0.000 r  U1/U3/TC_int/C
    SLICE_X48Y18         FDCE (Prop_fdce_C_Q)         0.141     0.141 r  U1/U3/TC_int/Q
                         net (fo=4, routed)           0.130     0.271    U1/U3/TC_int
    SLICE_X48Y20         FDCE                                         r  U1/U4/Q_int_1/CE
  -------------------------------------------------------------------    -------------------

Slack:                    inf
  Source:                 U1/U3/TC_int/C
                            (rising edge-triggered cell FDCE)
  Destination:            U1/U4/Q_int_2/CE
  Path Group:             (none)
  Path Type:              Min at Fast Process Corner
  Data Path Delay:        0.271ns  (logic 0.141ns (51.992%)  route 0.130ns (48.008%))
  Logic Levels:           1  (FDCE=1)

    Location             Delay type                Incr(ns)  Path(ns)    Netlist Resource(s)
  -------------------------------------------------------------------    -------------------
    SLICE_X48Y18         FDCE                         0.000     0.000 r  U1/U3/TC_int/C
    SLICE_X48Y18         FDCE (Prop_fdce_C_Q)         0.141     0.141 r  U1/U3/TC_int/Q
                         net (fo=4, routed)           0.130     0.271    U1/U3/TC_int
    SLICE_X48Y20         FDCE                                         r  U1/U4/Q_int_2/CE
  -------------------------------------------------------------------    -------------------

Slack:                    inf
  Source:                 U1/U5/TC_int/C
                            (rising edge-triggered cell FDCE)
  Destination:            U1/U6/Q_int_0/CE
  Path Group:             (none)
  Path Type:              Min at Fast Process Corner
  Data Path Delay:        0.273ns  (logic 0.141ns (51.672%)  route 0.132ns (48.328%))
  Logic Levels:           1  (FDCE=1)

    Location             Delay type                Incr(ns)  Path(ns)    Netlist Resource(s)
  -------------------------------------------------------------------    -------------------
    SLICE_X48Y16         FDCE                         0.000     0.000 r  U1/U5/TC_int/C
    SLICE_X48Y16         FDCE (Prop_fdce_C_Q)         0.141     0.141 r  U1/U5/TC_int/Q
                         net (fo=3, routed)           0.132     0.273    U1/U5/TC_int
    SLICE_X49Y16         FDCE                                         r  U1/U6/Q_int_0/CE
  -------------------------------------------------------------------    -------------------

Slack:                    inf
  Source:                 U2/U12/TC_int/C
                            (rising edge-triggered cell FDCE)
  Destination:            U2/U13/Q_int_0/CE
  Path Group:             (none)
  Path Type:              Min at Fast Process Corner
  Data Path Delay:        0.280ns  (logic 0.164ns (58.537%)  route 0.116ns (41.463%))
  Logic Levels:           1  (FDCE=1)

    Location             Delay type                Incr(ns)  Path(ns)    Netlist Resource(s)
  -------------------------------------------------------------------    -------------------
    SLICE_X50Y19         FDCE                         0.000     0.000 r  U2/U12/TC_int/C
    SLICE_X50Y19         FDCE (Prop_fdce_C_Q)         0.164     0.164 r  U2/U12/TC_int/Q
                         net (fo=4, routed)           0.116     0.280    U2/U12/TC_int
    SLICE_X51Y19         FDCE                                         r  U2/U13/Q_int_0/CE
  -------------------------------------------------------------------    -------------------

Slack:                    inf
  Source:                 U2/U12/TC_int/C
                            (rising edge-triggered cell FDCE)
  Destination:            U2/U13/Q_int_1/CE
  Path Group:             (none)
  Path Type:              Min at Fast Process Corner
  Data Path Delay:        0.280ns  (logic 0.164ns (58.537%)  route 0.116ns (41.463%))
  Logic Levels:           1  (FDCE=1)

    Location             Delay type                Incr(ns)  Path(ns)    Netlist Resource(s)
  -------------------------------------------------------------------    -------------------
    SLICE_X50Y19         FDCE                         0.000     0.000 r  U2/U12/TC_int/C
    SLICE_X50Y19         FDCE (Prop_fdce_C_Q)         0.164     0.164 r  U2/U12/TC_int/Q
                         net (fo=4, routed)           0.116     0.280    U2/U12/TC_int
    SLICE_X51Y19         FDCE                                         r  U2/U13/Q_int_1/CE
  -------------------------------------------------------------------    -------------------

Slack:                    inf
  Source:                 U2/U12/TC_int/C
                            (rising edge-triggered cell FDCE)
  Destination:            U2/U13/Q_int_2/CE
  Path Group:             (none)
  Path Type:              Min at Fast Process Corner
  Data Path Delay:        0.280ns  (logic 0.164ns (58.537%)  route 0.116ns (41.463%))
  Logic Levels:           1  (FDCE=1)

    Location             Delay type                Incr(ns)  Path(ns)    Netlist Resource(s)
  -------------------------------------------------------------------    -------------------
    SLICE_X50Y19         FDCE                         0.000     0.000 r  U2/U12/TC_int/C
    SLICE_X50Y19         FDCE (Prop_fdce_C_Q)         0.164     0.164 r  U2/U12/TC_int/Q
                         net (fo=4, routed)           0.116     0.280    U2/U12/TC_int
    SLICE_X51Y19         FDCE                                         r  U2/U13/Q_int_2/CE
  -------------------------------------------------------------------    -------------------

Slack:                    inf
  Source:                 U2/U12/TC_int/C
                            (rising edge-triggered cell FDCE)
  Destination:            U2/U13/Q_int_3/CE
  Path Group:             (none)
  Path Type:              Min at Fast Process Corner
  Data Path Delay:        0.280ns  (logic 0.164ns (58.537%)  route 0.116ns (41.463%))
  Logic Levels:           1  (FDCE=1)

    Location             Delay type                Incr(ns)  Path(ns)    Netlist Resource(s)
  -------------------------------------------------------------------    -------------------
    SLICE_X50Y19         FDCE                         0.000     0.000 r  U2/U12/TC_int/C
    SLICE_X50Y19         FDCE (Prop_fdce_C_Q)         0.164     0.164 r  U2/U12/TC_int/Q
                         net (fo=4, routed)           0.116     0.280    U2/U12/TC_int
    SLICE_X51Y19         FDCE                                         r  U2/U13/Q_int_3/CE
  -------------------------------------------------------------------    -------------------

Slack:                    inf
  Source:                 U2/U11/Q_int_2/C
                            (rising edge-triggered cell FDCE)
  Destination:            U2/U11/Q_int_2/D
  Path Group:             (none)
  Path Type:              Min at Fast Process Corner
  Data Path Delay:        0.315ns  (logic 0.186ns (58.983%)  route 0.129ns (41.017%))
  Logic Levels:           2  (FDCE=1 LUT3=1)

    Location             Delay type                Incr(ns)  Path(ns)    Netlist Resource(s)
  -------------------------------------------------------------------    -------------------
    SLICE_X49Y18         FDCE                         0.000     0.000 r  U2/U11/Q_int_2/C
    SLICE_X49Y18         FDCE (Prop_fdce_C_Q)         0.141     0.141 r  U2/U11/Q_int_2/Q
                         net (fo=4, routed)           0.129     0.270    U2/U11/Q_int[2]
    SLICE_X49Y18         LUT3 (Prop_lut3_I1_O)        0.045     0.315 r  U2/U11/Mcount_Q_int21/O
                         net (fo=1, routed)           0.000     0.315    U2/U11/Mcount_Q_int2
    SLICE_X49Y18         FDCE                                         r  U2/U11/Q_int_2/D
  -------------------------------------------------------------------    -------------------





